📂 Loading persona from: /Users/bharani/Desktop/aiAgentCompaction/indieclaw/gateway-service/config/personas/executive_coach.toml
📝 Persona: Executive Coach (v1) | Tone: professional | Allowed Numbers: 2
✅ WhatsApp Bot ready!
🐰 Connected to RabbitMQ
DEBUG: Message received from: 919843670121-1588923063@g.us Body: Paravala .......ne feel panatheva illa ......dubai la irukura ne inga feel pana theva illa .....nanaga pathukurom
📩 Message from: Bharani (6503050272861)
✅ Phone number 919361315379 is allowed
DEBUG: Message received from: 919843670121-1588923063@g.us Body: No no no no.... It is completely wrong bro...  You are in tuticorin... The issue happen some other place... Need to raise your voice for any issue happen to other people too


Or

🫣🫣🫣🫣🫣 Po
DEBUG: Message received from: 918129491629-1594611929@g.us Body: Thank you ma’am🙏
DEBUG: Message received from: 163135809970296@lid Body: 
DEBUG: Message received from: 14793054567-1414978492@g.us Body: 
📩 Message from: Thilak (163135809970296)
❌ Phone number 163135809970296 is NOT allowed
⛔ Rejected message from unauthorized number: 163135809970296
📩 Message from: Thilak (163135809970296)
❌ Phone number 163135809970296 is NOT allowed
⛔ Rejected message from unauthorized number: 163135809970296
DEBUG: Message received from: 14793054567-1452918944@g.us Body: 
DEBUG: Message received from: 14793661888-1425097223@g.us Body: 
DEBUG: Message received from: 14795447920-1409784362@g.us Body: 
DEBUG: Message received from: 918129491629-1594611929@g.us Body: Thank you ma’am 🙏🏻
DEBUG: Message received from: 14796406771-1402353846@g.us Body: 
DEBUG: Message received from: 14798562190-1421003332@g.us Body: 
DEBUG: Message received from: 14798994801-1428294101@g.us Body: 
DEBUG: Message received from: 14799256777-1399286647@g.us Body: 
DEBUG: Message received from: 18607546456-1387993726@g.us Body: 
DEBUG: Message received from: 18609440037-1426622103@g.us Body: 
DEBUG: Message received from: 213103828537359@lid Body: You know soma i used to tell
DEBUG: Message received from: 18609440037-1460814451@g.us Body: 
📩 Message from: Sripriya (213103828537359)
❌ Phone number 213103828537359 is NOT allowed
⛔ Rejected message from unauthorized number: 213103828537359
📩 Message from: Sripriya (213103828537359)
❌ Phone number 213103828537359 is NOT allowed
⛔ Rejected message from unauthorized number: 213103828537359
DEBUG: Message received from: 918129491629-1594611929@g.us Body: Thank you mam. 🙏
DEBUG: Message received from: 213103828537359@lid Body: Maha and soma couple
📩 Message from: Sripriya (213103828537359)
❌ Phone number 213103828537359 is NOT allowed
⛔ Rejected message from unauthorized number: 213103828537359
📩 Message from: Sripriya (213103828537359)
❌ Phone number 213103828537359 is NOT allowed
⛔ Rejected message from unauthorized number: 213103828537359
DEBUG: Message received from: 213103828537359@lid Body: From uk
📩 Message from: Sripriya (213103828537359)
❌ Phone number 213103828537359 is NOT allowed
⛔ Rejected message from unauthorized number: 213103828537359
📩 Message from: Sripriya (213103828537359)
❌ Phone number 213103828537359 is NOT allowed
⛔ Rejected message from unauthorized number: 213103828537359
DEBUG: Message received from: 918129491629-1594611929@g.us Body: Thank you mam 🙏
DEBUG: Message received from: 918129491629-1594611929@g.us Body: Thank you mam 🙏
📩 Message from: Bharani (6503050272861)
✅ Phone number 919361315379 is allowed
📩 Message from: Bharani (6503050272861)
✅ Phone number 919361315379 is allowed
DEBUG: Message received from: status@broadcast Body: 
DEBUG: Message received from: 213103828537359@lid Body: His age is 52 ahm
📩 Message from: Sripriya (213103828537359)
❌ Phone number 213103828537359 is NOT allowed
⛔ Rejected message from unauthorized number: 213103828537359
📩 Message from: Sripriya (213103828537359)
❌ Phone number 213103828537359 is NOT allowed
⛔ Rejected message from unauthorized number: 213103828537359
DEBUG: Message received from: 213103828537359@lid Body: I didnt expect that old!
📩 Message from: Sripriya (213103828537359)
❌ Phone number 213103828537359 is NOT allowed
⛔ Rejected message from unauthorized number: 213103828537359
📩 Message from: Sripriya (213103828537359)
❌ Phone number 213103828537359 is NOT allowed
⛔ Rejected message from unauthorized number: 213103828537359
DEBUG: Message received from: 213103828537359@lid Body: In kadupu?
📩 Message from: Sripriya (213103828537359)
❌ Phone number 213103828537359 is NOT allowed
⛔ Rejected message from unauthorized number: 213103828537359
📩 Message from: Sripriya (213103828537359)
❌ Phone number 213103828537359 is NOT allowed
⛔ Rejected message from unauthorized number: 213103828537359
DEBUG: Message received from: 919843670121-1588923063@g.us Body: I am in India only now
 
Ithu oru kind of selfish thinking .nee enna pathukuva 

If DMK did mistake it is also mistake . 

Like drink ithu oru vagayana bodhai . VJ bodhai avlothan
📩 Message from: Bharani (6503050272861)
✅ Phone number 919361315379 is allowed
📩 Message from: Bharani (6503050272861)
✅ Phone number 919361315379 is allowed
DEBUG: Message received from: 919843670121-1588923063@g.us Body: 
📩 Message from: Bharani (6503050272861)
✅ Phone number 919361315379 is allowed
DEBUG: Message received from: 919843670121-1588923063@g.us Body: https://youtube.com/shorts/rJ3RNF-gU1Q?si=OmwC0SrkcVAHE2TU
DEBUG: Message received from: 120363039502477203@g.us Body: Anyone travelling from chennai to hyderabad in your known circle?
@262366784700496 
If yes,possible to collect the iphone and give it to us?
DEBUG: Message received from: 120363039502477203@g.us Body: Or is it safe to courier via bluedart/DHL??
DEBUG: Message received from: 120363039502477203@g.us Body: Is it with box and sealed?
DEBUG: Message received from: 120363039502477203@g.us Body: Its opened piece
Boz irukum mostly
DEBUG: Message received from: 120363039502477203@g.us Body: Box*
DEBUG: Message received from: 120363039502477203@g.us Body: She brought in hand luggage
DEBUG: Message received from: 120363039502477203@g.us Body: Im not sure. Ketu vena pakaran if its safe
DEBUG: Message received from: 120363039502477203@g.us Body: I checked bludedart
DEBUG: Message received from: 120363039502477203@g.us Body: Online pick up
DEBUG: Message received from: 120363039502477203@g.us Body: Enna sonnanga
DEBUG: Message received from: 120363039502477203@g.us Body: Not sure if safe
DEBUG: Message received from: 120363039502477203@g.us Body: Insurance podanumaam
DEBUG: Message received from: 120363039502477203@g.us Body: 1500 aagum pola charges
DEBUG: Message received from: 120363039502477203@g.us Body: Ketutu solu bro
DEBUG: Message received from: 14013599958-1560717279@g.us Body: Akshyakalpa idli batter is very good
Add it to cart in the app if needed for tomorrow 
@262366784700496
DEBUG: Message received from: 14013599958-1560717279@g.us Body: They add rice urad dal poha etc in batter
DEBUG: Message received from: 14013599958-1560717279@g.us Body: Ok ma super
DEBUG: Message received from: 120363039502477203@g.us Body: Whats the update on royal oak house?
DEBUG: Message received from: 120363039502477203@g.us Body: B is asking for negotiation
DEBUG: Message received from: 120363039502477203@g.us Body: As u said we need to buy stuffs and arrange the house for rental setup
DEBUG: Message received from: 120363039502477203@g.us Body: What is your final price?
DEBUG: Message received from: 120363039502477203@g.us Body: And full cash deal dhana?
DEBUG: Message received from: 918129491629-1594611929@g.us Body: Good evening mam!
DEBUG: Message received from: 918129491629-1594611929@g.us Body: https://us06web.zoom.us/j/8301841063?pwd=TkRrN2tWdW5UTk5GTzBkZXIvY3hsQT09
DEBUG: Message received from: 918129491629-1594611929@g.us Body: 
DEBUG: Message received from: 918129491629-1594611929@g.us Body: 
DEBUG: Message received from: 918129491629-1594611929@g.us Body: 
DEBUG: Message received from: 918129491629-1594611929@g.us Body: 
DEBUG: Message received from: 918129491629-1594611929@g.us Body: 
DEBUG: Message received from: 918129491629-1594611929@g.us Body: 
DEBUG: Message received from: 918129491629-1594611929@g.us Body: Thank you Mam 🙏
DEBUG: Message received from: 120363039502477203@g.us Body: 
DEBUG: Message received from: 120363181010065853@newsletter Body: HyderabadRains ALERT 1 ⚠️🌧️

Passing moderate rains of 10-15minutes in Central, East, North Hyderabad till 6.30pm, more spells ahead thereafter, plan accordingly ⚠️🌧️
📩 Message from: null (null)
❌ Phone number 120363181010065853 is NOT allowed
⛔ Rejected message from unauthorized number: 120363181010065853
📩 Message from: null (null)
❌ Phone number 120363181010065853 is NOT allowed
⛔ Rejected message from unauthorized number: 120363181010065853
DEBUG: Message received from: 120363039502477203@g.us Body: So next to the staircase also one portion is there uh
DEBUG: Message received from: 120363039502477203@g.us Body: If yes? Adhu vendaam
DEBUG: Message received from: 120363039502477203@g.us Body: Opposite is ok
DEBUG: Message received from: 120363039502477203@g.us Body: Video la irukura portion is goo
DEBUG: Message received from: 120363154648184511@newsletter Body: With instant access to online lab results, millions of people are turning to AI chatbots for health advice before seeing a doctor. While it helps to simplify complex medical jargon, physicians warn of serious risks, emphasizing that algorithms still lack the vital context and expertise of actual human medical professionals.

Read more: https://on.wsj.com/4yVv88t
DEBUG: Message received from: 120363039502477203@g.us Body: Video portion dha namma pathurkardhu
📩 Message from: null (null)
❌ Phone number 120363154648184511 is NOT allowed
⛔ Rejected message from unauthorized number: 120363154648184511
📩 Message from: null (null)
❌ Phone number 120363154648184511 is NOT allowed
⛔ Rejected message from unauthorized number: 120363154648184511
DEBUG: Message received from: 213103828537359@lid Body: Coming?
DEBUG: Message received from: 213103828537359@lid Body: Krishna came home?
DEBUG: Message received from: 213103828537359@lid Body: He is not at tbe court?
DEBUG: Message received from: 120363421628019453@g.us Body: *Hello fellow explorers, here’s what we’ve curated for you this weekend:*

1. 🌳Forest-Bathing 
🗓️ Sat | 08 Aug | 7 - 9 AM	
📍Riverfront Biodiversity Park

An insight into the multitude of benefits of immersing yourself in nature, both for your physical and mental well-being.
Book your spot: https://tinyurl.com/4vfn5kuu 

2. 📷 Analogue Photography
🗓️ Sun | 09 Aug| 3 - 7 PM	
📍gufa.Labs, Makarba

Get introduced to film photography- load your own roll and develop negatives using a coffee-based process.
Book your spot: https://tinyurl.com/bfwtutbv
📩 Message from: Sripriya (213103828537359)
❌ Phone number 213103828537359 is NOT allowed
⛔ Rejected message from unauthorized number: 213103828537359
📩 Message from: Sripriya (213103828537359)
❌ Phone number 213103828537359 is NOT allowed
⛔ Rejected message from unauthorized number: 213103828537359
📩 Message from: Sripriya (213103828537359)
❌ Phone number 213103828537359 is NOT allowed
⛔ Rejected message from unauthorized number: 213103828537359
📩 Message from: Sripriya (213103828537359)
❌ Phone number 213103828537359 is NOT allowed
⛔ Rejected message from unauthorized number: 213103828537359
📩 Message from: Sripriya (213103828537359)
❌ Phone number 213103828537359 is NOT allowed
⛔ Rejected message from unauthorized number: 213103828537359
📩 Message from: Sripriya (213103828537359)
❌ Phone number 213103828537359 is NOT allowed
⛔ Rejected message from unauthorized number: 213103828537359
DEBUG: Message received from: 919843670121-1588923063@g.us Body: https://www.instagram.com/reel/Dbq73b6Tzfp/?igsh=ZHNrbnVvNzJrNnk1
📩 Message from: Bharani (6503050272861)
✅ Phone number 919361315379 is allowed
📩 Message from: Bharani (6503050272861)
✅ Phone number 919361315379 is allowed
DEBUG: Message received from: status@broadcast Body: https://aolt.in/1040196
DEBUG: Message received from: status@broadcast Body: https://aolt.in/1040196
DEBUG: Message received from: 919843670121-1588923063@g.us Body: Dai before starting party (I mean before 3years) Islam, unga Anna panna people support or protest Ennada. Illa has he been an example .

Thirai thalaivana iruka kudathu, Makal thalaivana irukanum
DEBUG: Message received from: 919843670121-1588923063@g.us Body: Dai before starting party what he has done for the people . Any example for protest can you show 

Thirai thaliavan iruka kudathu . Makal thalaivana irukanum
DEBUG: Message received from: 919843670121-1588923063@g.us Body: Thalaivana ulla quality VJ ta kidyathu
DEBUG: Message received from: 919843670121-1588923063@g.us Body: Ada paavingala.. idha thaana naan 6 maasama ketutu irukan..


Avanuku onnum theriyadhu....

Varaadhu
DEBUG: Message received from: 120363168364416063@newsletter Body: BREAKING... https://trib.al/C1fX8sD
📩 Message from: null (null)
❌ Phone number 120363168364416063 is NOT allowed
⛔ Rejected message from unauthorized number: 120363168364416063
📩 Message from: null (null)
❌ Phone number 120363168364416063 is NOT allowed
⛔ Rejected message from unauthorized number: 120363168364416063
DEBUG: Message received from: 196147096367251@lid Body: *Vyom's eye tumour still grow's, he cries out in pain.*

Medical Information:- Vyom has a *tumour in his right eye*, he needs *urgent surgery, ICU care* & prolonged hospitalization for survival.

Status update: His father is a daily wage labourer. They have sold every piece of gold & have already spent ₹6 lakhs. But the treatment is estimated at *₹11,87,000*, which we can't afford.

The cost is impossible to achieve on their own. 🙏 Please donate & pray for them.
DEBUG: Message received from: 159962382737441@lid Body: 
📩 Message from: 159962382737441 (159962382737441)
❌ Phone number 159962382737441 is NOT allowed
⛔ Rejected message from unauthorized number: 159962382737441
📩 Message from: 159962382737441 (159962382737441)
❌ Phone number 159962382737441 is NOT allowed
⛔ Rejected message from unauthorized number: 159962382737441
DEBUG: Message received from: 159962382737441@lid Body: 
📩 Message from: 159962382737441 (159962382737441)
❌ Phone number 159962382737441 is NOT allowed
⛔ Rejected message from unauthorized number: 159962382737441
📩 Message from: 159962382737441 (159962382737441)
❌ Phone number 159962382737441 is NOT allowed
⛔ Rejected message from unauthorized number: 159962382737441
DEBUG: Message received from: 159962382737441@lid Body: *Dear Patron,*

 You may face service interruption on *07/08* between *12:30 AM - 05:30 AM* services may be down for max *30* minutes due to scheduled maintenance. Inconvenience is regretted.

*Team ACT*
📩 Message from: 159962382737441 (159962382737441)
❌ Phone number 159962382737441 is NOT allowed
⛔ Rejected message from unauthorized number: 159962382737441
📩 Message from: 159962382737441 (159962382737441)
❌ Phone number 159962382737441 is NOT allowed
⛔ Rejected message from unauthorized number: 159962382737441
📩 Message from: 196147096367251 (196147096367251)
❌ Phone number 196147096367251 is NOT allowed
⛔ Rejected message from unauthorized number: 196147096367251
📩 Message from: 196147096367251 (196147096367251)
❌ Phone number 196147096367251 is NOT allowed
⛔ Rejected message from unauthorized number: 196147096367251
DEBUG: Message received from: 169419330343157@lid Body: *Account Statement Ready!*
Your HDFC Bank account statement 
is now available.
View and download your statement on ChatBanking.
DEBUG: Message received from: 134866385539180@lid Body: 
DEBUG: Message received from: 159962382737441@lid Body: 
📩 Message from: 169419330343157 (169419330343157)
❌ Phone number 169419330343157 is NOT allowed
⛔ Rejected message from unauthorized number: 169419330343157
📩 Message from: 169419330343157 (169419330343157)
❌ Phone number 169419330343157 is NOT allowed
⛔ Rejected message from unauthorized number: 169419330343157
📩 Message from: 134866385539180 (134866385539180)
❌ Phone number 134866385539180 is NOT allowed
⛔ Rejected message from unauthorized number: 134866385539180
📩 Message from: 134866385539180 (134866385539180)
❌ Phone number 134866385539180 is NOT allowed
⛔ Rejected message from unauthorized number: 134866385539180
📩 Message from: 159962382737441 (159962382737441)
❌ Phone number 159962382737441 is NOT allowed
⛔ Rejected message from unauthorized number: 159962382737441
📩 Message from: 159962382737441 (159962382737441)
❌ Phone number 159962382737441 is NOT allowed
⛔ Rejected message from unauthorized number: 159962382737441
📬 Response cached: test_1786024051889_25f88a9a
DEBUG: Message received from: 919843670121-1588923063@g.us Body: https://www.facebook.com/share/v/1Gv4tFihvp/?mibextid=wwXIfr
⚠️  Could not retrieve contact info: getAlternateUserWid - Invalid get call using deviceWid
✅ Phone number 919361315379 is allowed
⚠️  Could not retrieve contact info: getAlternateUserWid - Invalid get call using deviceWid
✅ Phone number 919361315379 is allowed
📬 Response cached: test_1786024363728_5a37f082
DEBUG: Message received from: 919843670121-1588923063@g.us Body: Yes nanum Pathen . 😂😂
DEBUG: Message received from: 919843670121-1588923063@g.us Body: Edhuku porangane theriyaradhu Illa. All 200ups.
DEBUG: Message received from: 919843670121-1588923063@g.us Body: Agreed
📬 Response cached: capture_1786025082483_4448f3bf
DEBUG: Message received from: 919843670121-1588923063@g.us Body: Aana anaiku edhuku siricha
DEBUG: Message received from: 919843670121-1588923063@g.us Body: Avan sonna memes ku sirichan da
DEBUG: Message received from: 918129491629-1594611929@g.us Body: Good morning ma'am
DEBUG: Message received from: 918129491629-1594611929@g.us Body: https://us06web.zoom.us/j/8301841063?pwd=TkRrN2tWdW5UTk5GTzBkZXIvY3hsQT09
DEBUG: Message received from: 120363185144849755@g.us Body: *The Promotion Question:*

Instead of asking,
*"When will I get promoted?"*

Ask yourself,
*"Am I already creating the impact expected at the next level?"*

Titles usually follow performance.
But promotions often follow consistent impact.

👍 React if you're focused on growing before the title.
DEBUG: Message received from: 120363168364416063@newsletter Body: What we know here: https://trib.al/o1QGn86
📩 Message from: null (null)
❌ Phone number 120363168364416063 is NOT allowed
⛔ Rejected message from unauthorized number: 120363168364416063
📩 Message from: null (null)
❌ Phone number 120363168364416063 is NOT allowed
⛔ Rejected message from unauthorized number: 120363168364416063
DEBUG: Message received from: 120363168364416063@newsletter Body: Everything we know here: https://trib.al/kh6gzPw
📩 Message from: null (null)
❌ Phone number 120363168364416063 is NOT allowed
⛔ Rejected message from unauthorized number: 120363168364416063
📩 Message from: null (null)
❌ Phone number 120363168364416063 is NOT allowed
⛔ Rejected message from unauthorized number: 120363168364416063
DEBUG: Message received from: 919843670121-1588923063@g.us Body: 
DEBUG: Message received from: 919843670121-1588923063@g.us Body: 
DEBUG: Message received from: 120363159508899683@newsletter Body: 
📩 Message from: null (null)
❌ Phone number 120363159508899683 is NOT allowed
⛔ Rejected message from unauthorized number: 120363159508899683
📩 Message from: null (null)
❌ Phone number 120363159508899683 is NOT allowed
⛔ Rejected message from unauthorized number: 120363159508899683
DEBUG: Message received from: 919843670121-1588923063@g.us Body: Old news
DEBUG: Message received from: 919843670121-1588923063@g.us Body: Voi.. adhuku Vilakam ketrukanga..
DEBUG: Message received from: 919843670121-1588923063@g.us Body: Jolly ah iruku...
DEBUG: Message received from: 919843670121-1588923063@g.us Body: Dont miss Tomorrow Satta Sabai Voi..... DMK will talk tomorrow.
DEBUG: Message received from: 919843670121-1588923063@g.us Body: Idhu dmk period la irundhu poyitu iruku
DEBUG: Message received from: 919843670121-1588923063@g.us Body: Avanunga pesa maatanga oye
DEBUG: Message received from: 919843670121-1588923063@g.us Body: Script paper mudindha udan odiduvaanga
DEBUG: Message received from: 919843670121-1588923063@g.us Body: 
DEBUG: Message received from: 919843670121-1588923063@g.us Body: But Vijay oda ummunu Gammunu Jammunu moonja kaatuvaanga Voi...

Thiru Thiru nu muzhipaan.... adhu parka jolly ah irkum...Social medi full troll memes therikum.... Fun Friday.
DEBUG: Message received from: 120363168364416063@newsletter Body: See more here: https://trib.al/VmoIOkd
📩 Message from: null (null)
❌ Phone number 120363168364416063 is NOT allowed
⛔ Rejected message from unauthorized number: 120363168364416063
📩 Message from: null (null)
❌ Phone number 120363168364416063 is NOT allowed
⛔ Rejected message from unauthorized number: 120363168364416063
DEBUG: Message received from: 918129491629-1594611929@g.us Body: Thank you mam🙏😍
DEBUG: Message received from: 918129491629-1594611929@g.us Body: Thank you ma'am 🤗🙏
DEBUG: Message received from: 918129491629-1594611929@g.us Body: Thank you Mam🙏🏻
DEBUG: Message received from: 918129491629-1594611929@g.us Body: Thank you Mam 🙏
DEBUG: Message received from: 918129491629-1594611929@g.us Body: Thank you Miss 🙏
DEBUG: Message received from: 120363181010065853@newsletter Body: MODERATE RAINS - Nizamabad, Kamareddy, Vikarabad, Medak, Narayanpet, Nagarkurnool, Khammam, Bhadradri - Kothagudem till 11pm

Hyderabad - Few rains spells expected after 11pm, Isolated shower/dry weather before 11pm
📩 Message from: null (null)
❌ Phone number 120363181010065853 is NOT allowed
⛔ Rejected message from unauthorized number: 120363181010065853
📩 Message from: null (null)
❌ Phone number 120363181010065853 is NOT allowed
⛔ Rejected message from unauthorized number: 120363181010065853
DEBUG: Message received from: 918129491629-1594611929@g.us Body: Thank you miss❤️
DEBUG: Message received from: 918129491629-1594611929@g.us Body: Thank you mam🙏🏻
DEBUG: Message received from: 120363168364416063@newsletter Body: Find out more here: https://trib.al/DYCVyNu
📩 Message from: null (null)
❌ Phone number 120363168364416063 is NOT allowed
⛔ Rejected message from unauthorized number: 120363168364416063
📩 Message from: null (null)
❌ Phone number 120363168364416063 is NOT allowed
⛔ Rejected message from unauthorized number: 120363168364416063
DEBUG: Message received from: 120363168364416063@newsletter Body: Read more here: https://trib.al/y5z4Y4i
📩 Message from: null (null)
❌ Phone number 120363168364416063 is NOT allowed
⛔ Rejected message from unauthorized number: 120363168364416063
📩 Message from: null (null)
❌ Phone number 120363168364416063 is NOT allowed
⛔ Rejected message from unauthorized number: 120363168364416063
DEBUG: Message received from: 120363168364416063@newsletter Body: Learn more here: https://trib.al/qkSg8Mr
📩 Message from: null (null)
❌ Phone number 120363168364416063 is NOT allowed
⛔ Rejected message from unauthorized number: 120363168364416063
📩 Message from: null (null)
❌ Phone number 120363168364416063 is NOT allowed
⛔ Rejected message from unauthorized number: 120363168364416063
DEBUG: Message received from: 919843670121-1588923063@g.us Body: https://www.facebook.com/share/v/1JTPR1E9bM/
DEBUG: Message received from: 919843670121-1588923063@g.us Body: Enna @107142405169342 @102005490098385 @192715300052996 Intha varthalam thappu illaya . Yen sir arrest Panala
DEBUG: Message received from: 919843670121-1588923063@g.us Body: Thambhi engaluku therium yara arrest pananum panakudathunu .........
DEBUG: Message received from: 919843670121-1588923063@g.us Body: Apa unga Annana DMK peoples 
mariyatha pesuna arrest pannuvinga. Ana BJP yo illa some other party kevalama pesuna . 5 parts yum close pannipela.

Avlo bayama union party mela . Why no voice against this guys 🤐🤐🤐
DEBUG: Message received from: 919843670121-1588923063@g.us Body: Adhu enna 5parts
DEBUG: Message received from: 120363176023391403@newsletter Body: Let’s make India’s handloom diversity popular. 

Share your videos with your favourite handloom products, including GRWM videos. 

Don’t forget to use #NationalHandloomDay.
📩 Message from: null (null)
❌ Phone number 120363176023391403 is NOT allowed
⛔ Rejected message from unauthorized number: 120363176023391403
📩 Message from: null (null)
❌ Phone number 120363176023391403 is NOT allowed
⛔ Rejected message from unauthorized number: 120363176023391403
DEBUG: Message received from: 919843670121-1588923063@g.us Body: 5m pulangal
DEBUG: Message received from: 120363181010065853@newsletter Body: HyderabadRains UPDATE 1 - 10 PM 🌧️

LIGHT - MODERATE RAINS ahead in West Hyderabad which will further cover Central, Easy Hyderabad city during next 2hrs 🌧️

More spells of Scattered LIGHT - MODERATE RAINS expected in Hyderabad city during 11pm to 3am
📩 Message from: null (null)
❌ Phone number 120363181010065853 is NOT allowed
⛔ Rejected message from unauthorized number: 120363181010065853
📩 Message from: null (null)
❌ Phone number 120363181010065853 is NOT allowed
⛔ Rejected message from unauthorized number: 120363181010065853
DEBUG: Message received from: 120363168364416063@newsletter Body: Find out more here: https://trib.al/rZNj6Ul
📩 Message from: null (null)
❌ Phone number 120363168364416063 is NOT allowed
⛔ Rejected message from unauthorized number: 120363168364416063
📩 Message from: null (null)
❌ Phone number 120363168364416063 is NOT allowed
⛔ Rejected message from unauthorized number: 120363168364416063
